Archive member included to satisfy reference by file (symbol)

build/cmsis_device_f0/cmsis_device_f0.a(main.o)
                              build/cmsis_device_f0/Source/Templates/gcc/startup_stm32f051x8.o (main)
build/cmsis_device_f0/cmsis_device_f0.a(system_stm32f0xx.o)
                              build/cmsis_device_f0/Source/Templates/gcc/startup_stm32f051x8.o (SystemInit)
/usr/lib/gcc/arm-none-eabi/10.3.1/libgcc.a(_udivsi3.o)
                              build/cmsis_device_f0/cmsis_device_f0.a(system_stm32f0xx.o) (__aeabi_uidiv)
/usr/lib/gcc/arm-none-eabi/10.3.1/libgcc.a(_dvmd_tls.o)
                              /usr/lib/gcc/arm-none-eabi/10.3.1/libgcc.a(_udivsi3.o) (__aeabi_idiv0)

Discarded input sections

 .text          0x0000000000000000       0x14 build/cmsis_device_f0/Source/Templates/gcc/startup_stm32f051x8.o
 .data          0x0000000000000000        0x0 build/cmsis_device_f0/Source/Templates/gcc/startup_stm32f051x8.o
 .bss           0x0000000000000000        0x0 build/cmsis_device_f0/Source/Templates/gcc/startup_stm32f051x8.o
 .data          0x0000000000000000        0x0 build/cmsis_device_f0/cmsis_device_f0.a(main.o)
 .bss           0x0000000000000000        0x0 build/cmsis_device_f0/cmsis_device_f0.a(main.o)
 .bss           0x0000000000000000        0x0 build/cmsis_device_f0/cmsis_device_f0.a(system_stm32f0xx.o)
 .data          0x0000000000000000        0x0 /usr/lib/gcc/arm-none-eabi/10.3.1/libgcc.a(_udivsi3.o)
 .bss           0x0000000000000000        0x0 /usr/lib/gcc/arm-none-eabi/10.3.1/libgcc.a(_udivsi3.o)
 .data          0x0000000000000000        0x0 /usr/lib/gcc/arm-none-eabi/10.3.1/libgcc.a(_dvmd_tls.o)
 .bss           0x0000000000000000        0x0 /usr/lib/gcc/arm-none-eabi/10.3.1/libgcc.a(_dvmd_tls.o)

Memory Configuration

Name             Origin             Length             Attributes
rom              0x0000000008000000 0x0000000000010000 xr
ram              0x0000000020000000 0x0000000000002000 xrw
*default*        0x0000000000000000 0xffffffffffffffff

Linker script and memory map

LOAD build/cmsis_device_f0/Source/Templates/gcc/startup_stm32f051x8.o
LOAD build/umm_libc/umm_libc.a
LOAD build/stm32f0xx_hal_driver/stm32f0xx_hal_driver.a
LOAD build/cmsis_device_f0/cmsis_device_f0.a
LOAD /usr/lib/gcc/arm-none-eabi/10.3.1/libgcc.a
                0x0000000020002000                _estack = (ORIGIN (ram) + LENGTH (ram))

.isr_vector     0x0000000008000000       0xc0
                0x0000000008000000                . = ALIGN (0x4)
 *(.isr_vector)
 .isr_vector    0x0000000008000000       0xc0 build/cmsis_device_f0/Source/Templates/gcc/startup_stm32f051x8.o
                0x0000000008000000                g_pfnVectors
                0x00000000080000c0                . = ALIGN (0x4)

.rodata         0x00000000080000c0       0x18
 .rodata        0x00000000080000c0       0x18 build/cmsis_device_f0/cmsis_device_f0.a(system_stm32f0xx.o)
                0x00000000080000c0                AHBPrescTable
                0x00000000080000d0                APBPrescTable

.text           0x00000000080000d8      0x274
                0x00000000080000d8                . = ALIGN (0x4)
 *(.text)
 .text          0x00000000080000d8       0x12 build/cmsis_device_f0/cmsis_device_f0.a(main.o)
                0x00000000080000d8                main
 *fill*         0x00000000080000ea        0x2 
 .text          0x00000000080000ec       0xf8 build/cmsis_device_f0/cmsis_device_f0.a(system_stm32f0xx.o)
                0x00000000080000ec                SystemInit
                0x00000000080000f6                SystemCoreClockUpdate
 .text          0x00000000080001e4      0x114 /usr/lib/gcc/arm-none-eabi/10.3.1/libgcc.a(_udivsi3.o)
                0x00000000080001e4                __udivsi3
                0x00000000080001e4                __aeabi_uidiv
                0x00000000080002d8                __aeabi_uidivmod
 .text          0x00000000080002f8        0x4 /usr/lib/gcc/arm-none-eabi/10.3.1/libgcc.a(_dvmd_tls.o)
                0x00000000080002f8                __aeabi_ldiv0
                0x00000000080002f8                __aeabi_idiv0
 *(.text*)
 .text.Reset_Handler
                0x00000000080002fc       0x4c build/cmsis_device_f0/Source/Templates/gcc/startup_stm32f051x8.o
                0x00000000080002fc                Reset_Handler
 .text.Default_Handler
                0x0000000008000348        0x2 build/cmsis_device_f0/Source/Templates/gcc/startup_stm32f051x8.o
                0x0000000008000348                TIM1_CC_IRQHandler
                0x0000000008000348                TSC_IRQHandler
                0x0000000008000348                HardFault_Handler
                0x0000000008000348                ADC1_COMP_IRQHandler
                0x0000000008000348                SysTick_Handler
                0x0000000008000348                PVD_IRQHandler
                0x0000000008000348                PendSV_Handler
                0x0000000008000348                NMI_Handler
                0x0000000008000348                I2C1_IRQHandler
                0x0000000008000348                RCC_CRS_IRQHandler
                0x0000000008000348                SPI1_IRQHandler
                0x0000000008000348                TIM6_DAC_IRQHandler
                0x0000000008000348                EXTI2_3_IRQHandler
                0x0000000008000348                I2C2_IRQHandler
                0x0000000008000348                TIM17_IRQHandler
                0x0000000008000348                CEC_CAN_IRQHandler
                0x0000000008000348                RTC_IRQHandler
                0x0000000008000348                TIM16_IRQHandler
                0x0000000008000348                TIM3_IRQHandler
                0x0000000008000348                EXTI4_15_IRQHandler
                0x0000000008000348                DMA1_Channel1_IRQHandler
                0x0000000008000348                Default_Handler
                0x0000000008000348                TIM14_IRQHandler
                0x0000000008000348                DMA1_Channel4_5_IRQHandler
                0x0000000008000348                TIM15_IRQHandler
                0x0000000008000348                EXTI0_1_IRQHandler
                0x0000000008000348                SPI2_IRQHandler
                0x0000000008000348                SVC_Handler
                0x0000000008000348                WWDG_IRQHandler
                0x0000000008000348                TIM2_IRQHandler
                0x0000000008000348                DMA1_Channel2_3_IRQHandler
                0x0000000008000348                USART2_IRQHandler
                0x0000000008000348                FLASH_IRQHandler
                0x0000000008000348                USART1_IRQHandler
                0x0000000008000348                TIM1_BRK_UP_TRG_COM_IRQHandler
 *(.init)
 *(.fini)
                0x000000000800034c                . = ALIGN (0x4)
 *fill*         0x000000000800034a        0x2 
                0x000000000800034c                _etext = .
                0x000000000800034c                _sidata = LOADADDR (.data)

.glue_7         0x000000000800034c        0x0
 .glue_7        0x000000000800034c        0x0 linker stubs

.glue_7t        0x000000000800034c        0x0
 .glue_7t       0x000000000800034c        0x0 linker stubs

.vfp11_veneer   0x000000000800034c        0x0
 .vfp11_veneer  0x000000000800034c        0x0 linker stubs

.v4_bx          0x000000000800034c        0x0
 .v4_bx         0x000000000800034c        0x0 linker stubs

.iplt           0x000000000800034c        0x0
 .iplt          0x000000000800034c        0x0 build/cmsis_device_f0/Source/Templates/gcc/startup_stm32f051x8.o

.rel.dyn        0x000000000800034c        0x0
 .rel.iplt      0x000000000800034c        0x0 build/cmsis_device_f0/Source/Templates/gcc/startup_stm32f051x8.o

.data           0x0000000020000000        0x4 load address 0x000000000800034c
                0x0000000020000000                _sdata = .
 *(.data*)
 .data          0x0000000020000000        0x4 build/cmsis_device_f0/cmsis_device_f0.a(system_stm32f0xx.o)
                0x0000000020000000                SystemCoreClock
                0x0000000020000004                _edata = .

.igot.plt       0x0000000020000004        0x0 load address 0x0000000008000350
 .igot.plt      0x0000000020000004        0x0 build/cmsis_device_f0/Source/Templates/gcc/startup_stm32f051x8.o

.bss            0x0000000020000004        0x0
                0x0000000020000004                _sbss = .
 *(.bss*)
 *(COMMON)
                0x0000000020000004                _ebss = .
OUTPUT(adaptabuild-example-foo elf32-littlearm)
LOAD linker stubs

.ARM.attributes
                0x0000000000000000       0x2d
 .ARM.attributes
                0x0000000000000000       0x21 build/cmsis_device_f0/Source/Templates/gcc/startup_stm32f051x8.o
 .ARM.attributes
                0x0000000000000021       0x2c build/cmsis_device_f0/cmsis_device_f0.a(main.o)
 .ARM.attributes
                0x000000000000004d       0x2c build/cmsis_device_f0/cmsis_device_f0.a(system_stm32f0xx.o)
 .ARM.attributes
                0x0000000000000079       0x1c /usr/lib/gcc/arm-none-eabi/10.3.1/libgcc.a(_udivsi3.o)
 .ARM.attributes
                0x0000000000000095       0x1c /usr/lib/gcc/arm-none-eabi/10.3.1/libgcc.a(_dvmd_tls.o)

.comment        0x0000000000000000       0x33
 .comment       0x0000000000000000       0x33 build/cmsis_device_f0/cmsis_device_f0.a(main.o)
                                         0x34 (size before relaxing)
 .comment       0x0000000000000033       0x34 build/cmsis_device_f0/cmsis_device_f0.a(system_stm32f0xx.o)

.debug_line     0x0000000000000000      0x313
 .debug_line    0x0000000000000000       0x9f build/cmsis_device_f0/Source/Templates/gcc/startup_stm32f051x8.o
 .debug_line    0x000000000000009f       0x54 build/cmsis_device_f0/cmsis_device_f0.a(main.o)
 .debug_line    0x00000000000000f3      0x155 build/cmsis_device_f0/cmsis_device_f0.a(system_stm32f0xx.o)
 .debug_line    0x0000000000000248       0x74 /usr/lib/gcc/arm-none-eabi/10.3.1/libgcc.a(_udivsi3.o)
 .debug_line    0x00000000000002bc       0x57 /usr/lib/gcc/arm-none-eabi/10.3.1/libgcc.a(_dvmd_tls.o)

.debug_info     0x0000000000000000      0x309
 .debug_info    0x0000000000000000       0x22 build/cmsis_device_f0/Source/Templates/gcc/startup_stm32f051x8.o
 .debug_info    0x0000000000000022       0x55 build/cmsis_device_f0/cmsis_device_f0.a(main.o)
 .debug_info    0x0000000000000077      0x246 build/cmsis_device_f0/cmsis_device_f0.a(system_stm32f0xx.o)
 .debug_info    0x00000000000002bd       0x26 /usr/lib/gcc/arm-none-eabi/10.3.1/libgcc.a(_udivsi3.o)
 .debug_info    0x00000000000002e3       0x26 /usr/lib/gcc/arm-none-eabi/10.3.1/libgcc.a(_dvmd_tls.o)

.debug_abbrev   0x0000000000000000      0x19b
 .debug_abbrev  0x0000000000000000       0x12 build/cmsis_device_f0/Source/Templates/gcc/startup_stm32f051x8.o
 .debug_abbrev  0x0000000000000012       0x4e build/cmsis_device_f0/cmsis_device_f0.a(main.o)
 .debug_abbrev  0x0000000000000060      0x113 build/cmsis_device_f0/cmsis_device_f0.a(system_stm32f0xx.o)
 .debug_abbrev  0x0000000000000173       0x14 /usr/lib/gcc/arm-none-eabi/10.3.1/libgcc.a(_udivsi3.o)
 .debug_abbrev  0x0000000000000187       0x14 /usr/lib/gcc/arm-none-eabi/10.3.1/libgcc.a(_dvmd_tls.o)

.debug_aranges  0x0000000000000000       0xa8
 .debug_aranges
                0x0000000000000000       0x28 build/cmsis_device_f0/Source/Templates/gcc/startup_stm32f051x8.o
 .debug_aranges
                0x0000000000000028       0x20 build/cmsis_device_f0/cmsis_device_f0.a(main.o)
 .debug_aranges
                0x0000000000000048       0x20 build/cmsis_device_f0/cmsis_device_f0.a(system_stm32f0xx.o)
 .debug_aranges
                0x0000000000000068       0x20 /usr/lib/gcc/arm-none-eabi/10.3.1/libgcc.a(_udivsi3.o)
 .debug_aranges
                0x0000000000000088       0x20 /usr/lib/gcc/arm-none-eabi/10.3.1/libgcc.a(_dvmd_tls.o)

.debug_str      0x0000000000000000      0x2be
 .debug_str     0x0000000000000000       0x5b build/cmsis_device_f0/Source/Templates/gcc/startup_stm32f051x8.o
 .debug_str     0x000000000000005b       0x7e build/cmsis_device_f0/cmsis_device_f0.a(main.o)
                                         0x8e (size before relaxing)
 .debug_str     0x00000000000000d9      0x158 build/cmsis_device_f0/cmsis_device_f0.a(system_stm32f0xx.o)
                                        0x1fa (size before relaxing)
 .debug_str     0x0000000000000231       0x8d /usr/lib/gcc/arm-none-eabi/10.3.1/libgcc.a(_udivsi3.o)
 .debug_str     0x00000000000002be       0x8d /usr/lib/gcc/arm-none-eabi/10.3.1/libgcc.a(_dvmd_tls.o)

.debug_ranges   0x0000000000000000       0x20
 .debug_ranges  0x0000000000000000       0x20 build/cmsis_device_f0/Source/Templates/gcc/startup_stm32f051x8.o

.debug_frame    0x0000000000000000       0x9c
 .debug_frame   0x0000000000000000       0x30 build/cmsis_device_f0/cmsis_device_f0.a(main.o)
 .debug_frame   0x0000000000000030       0x4c build/cmsis_device_f0/cmsis_device_f0.a(system_stm32f0xx.o)
 .debug_frame   0x000000000000007c       0x20 /usr/lib/gcc/arm-none-eabi/10.3.1/libgcc.a(_udivsi3.o)
